// Jest Snapshot v1, https://goo.gl/fbAQLP

exports[`ConfigProvider componentConfig.Tree default 1`] = `
<div
  class="arco-tree"
  role="tree"
  tabindex="0"
/>
`;

exports[`ConfigProvider componentConfig.Tree set className globally 1`] = `
<div
  class="arco-tree global-default-class"
  role="tree"
  tabindex="0"
/>
`;

exports[`ConfigProvider componentConfig.Tree set className globally and component set className itself. 1`] = `
<div
  class="arco-tree component-class"
  role="tree"
  tabindex="0"
/>
`;

exports[`ConfigProvider componentConfig.Tree set data-* property 1`] = `
<div
  class="arco-tree"
  data-test-name="Tree"
  role="tree"
  tabindex="0"
/>
`;
