// Jest Snapshot v1, https://goo.gl/fbAQLP

exports[`ConfigProvider componentConfig.Timeline default 1`] = `
<div
  class="arco-timeline arco-timeline-left arco-timeline-direction-vertical"
  role="list"
/>
`;

exports[`ConfigProvider componentConfig.Timeline set className globally 1`] = `
<div
  class="arco-timeline arco-timeline-left arco-timeline-direction-vertical global-default-class"
  role="list"
/>
`;

exports[`ConfigProvider componentConfig.Timeline set className globally and component set className itself. 1`] = `
<div
  class="arco-timeline arco-timeline-left arco-timeline-direction-vertical component-class"
  role="list"
/>
`;

exports[`ConfigProvider componentConfig.Timeline.Item default 1`] = `
<div
  class="arco-timeline-item"
  role="listitem"
>
  <div
    class="arco-timeline-item-dot-wrapper"
  >
    <div
      class="arco-timeline-item-dot-line arco-timeline-item-dot-line-is-undefined"
      style="border-left-style:solid"
    />
    <div
      class="arco-timeline-item-dot-content"
    >
      <div
        class="arco-timeline-item-dot arco-timeline-item-dot-solid"
      />
    </div>
  </div>
  <div
    class="arco-timeline-item-content-wrapper"
  />
</div>
`;

exports[`ConfigProvider componentConfig.Timeline.Item set className globally 1`] = `
<div
  class="arco-timeline-item global-default-class"
  role="listitem"
>
  <div
    class="arco-timeline-item-dot-wrapper"
  >
    <div
      class="arco-timeline-item-dot-line arco-timeline-item-dot-line-is-undefined"
      style="border-left-style:solid"
    />
    <div
      class="arco-timeline-item-dot-content"
    >
      <div
        class="arco-timeline-item-dot arco-timeline-item-dot-solid"
      />
    </div>
  </div>
  <div
    class="arco-timeline-item-content-wrapper"
  />
</div>
`;

exports[`ConfigProvider componentConfig.Timeline.Item set className globally and component set className itself. 1`] = `
<div
  class="arco-timeline-item component-class"
  role="listitem"
>
  <div
    class="arco-timeline-item-dot-wrapper"
  >
    <div
      class="arco-timeline-item-dot-line arco-timeline-item-dot-line-is-undefined"
      style="border-left-style:solid"
    />
    <div
      class="arco-timeline-item-dot-content"
    >
      <div
        class="arco-timeline-item-dot arco-timeline-item-dot-solid"
      />
    </div>
  </div>
  <div
    class="arco-timeline-item-content-wrapper"
  />
</div>
`;
