// Jest Snapshot v1, https://goo.gl/fbAQLP

exports[`ConfigProvider componentConfig.Transfer default 1`] = `
<div
  class="arco-transfer"
>
  <div
    class="arco-transfer-view arco-transfer-view-source"
  >
    <div
      class="arco-transfer-view-header"
    >
      <span
        class="arco-transfer-view-header-title"
      >
        <label
          class="arco-checkbox"
        >
          <input
            type="checkbox"
          />
          <span
            class="arco-icon-hover arco-checkbox-icon-hover arco-checkbox-mask-wrapper"
          >
            <div
              class="arco-checkbox-mask"
            >
              <svg
                aria-hidden="true"
                class="arco-checkbox-mask-icon"
                fill="currentColor"
                focusable="false"
                height="200"
                viewBox="0 0 1024 1024"
                width="200"
              >
                <path
                  d="M877.44815445 206.10060629a64.72691371 64.72691371 0 0 0-95.14856334 4.01306852L380.73381888 685.46812814 235.22771741 533.48933518a64.72691371 64.72691371 0 0 0-92.43003222-1.03563036l-45.82665557 45.82665443a64.72691371 64.72691371 0 0 0-0.90617629 90.61767965l239.61903446 250.10479331a64.72691371 64.72691371 0 0 0 71.19960405 15.14609778 64.33855261 64.33855261 0 0 0 35.08198741-21.23042702l36.24707186-42.71976334 40.5190474-40.77795556-3.36579926-3.49525333 411.40426297-486.74638962a64.72691371 64.72691371 0 0 0-3.88361443-87.64024149l-45.3088404-45.43829334z"
                  p-id="840"
                />
              </svg>
            </div>
          </span>
          <span
            class="arco-checkbox-text"
          >
            Source
          </span>
        </label>
      </span>
      <span
        class="arco-transfer-view-header-unit"
      >
        0 / 0
      </span>
    </div>
    <div
      class="arco-list-wrapper arco-transfer-view-list"
    >
      <div
        class="arco-list arco-list-default arco-list-no-border"
      >
        <div
          class="arco-list-content"
          role="list"
        >
          <div
            class="arco-empty"
          >
            <div
              class="arco-empty-wrapper"
            >
              <div
                class="arco-empty-image"
              >
                <svg
                  aria-hidden="true"
                  class="arco-icon arco-icon-empty"
                  fill="none"
                  focusable="false"
                  stroke="currentColor"
                  stroke-width="4"
                  viewBox="0 0 48 48"
                >
                  <path
                    d="M24 5v6m7 1 4-4m-18 4-4-4m28.5 22H28s-1 3-4 3-4-3-4-3H6.5M40 41H8a2 2 0 0 1-2-2v-8.46a2 2 0 0 1 .272-1.007l6.15-10.54A2 2 0 0 1 14.148 18H33.85a2 2 0 0 1 1.728.992l6.149 10.541A2 2 0 0 1 42 30.541V39a2 2 0 0 1-2 2Z"
                  />
                </svg>
              </div>
              <div
                class="arco-empty-description"
              >
                暂无数据
              </div>
            </div>
          </div>
        </div>
      </div>
    </div>
  </div>
  <div
    class="arco-transfer-operations"
  >
    <button
      aria-label="move selected right"
      class="arco-btn arco-btn-secondary arco-btn-size-small arco-btn-shape-round arco-btn-icon-only arco-btn-disabled"
      disabled=""
      tabindex="-1"
      type="button"
    >
      <svg
        aria-hidden="true"
        class="arco-icon arco-icon-right"
        fill="none"
        focusable="false"
        stroke="currentColor"
        stroke-width="4"
        viewBox="0 0 48 48"
      >
        <path
          d="m16 39.513 15.556-15.557L16 8.4"
        />
      </svg>
    </button>
    <button
      aria-label="move selected left"
      class="arco-btn arco-btn-secondary arco-btn-size-small arco-btn-shape-round arco-btn-icon-only arco-btn-disabled"
      disabled=""
      tabindex="-1"
      type="button"
    >
      <svg
        aria-hidden="true"
        class="arco-icon arco-icon-left"
        fill="none"
        focusable="false"
        stroke="currentColor"
        stroke-width="4"
        viewBox="0 0 48 48"
      >
        <path
          d="M32 8.4 16.444 23.956 32 39.513"
        />
      </svg>
    </button>
  </div>
  <div
    class="arco-transfer-view arco-transfer-view-target"
  >
    <div
      class="arco-transfer-view-header"
    >
      <span
        class="arco-transfer-view-header-title"
      >
        <label
          class="arco-checkbox"
        >
          <input
            type="checkbox"
          />
          <span
            class="arco-icon-hover arco-checkbox-icon-hover arco-checkbox-mask-wrapper"
          >
            <div
              class="arco-checkbox-mask"
            >
              <svg
                aria-hidden="true"
                class="arco-checkbox-mask-icon"
                fill="currentColor"
                focusable="false"
                height="200"
                viewBox="0 0 1024 1024"
                width="200"
              >
                <path
                  d="M877.44815445 206.10060629a64.72691371 64.72691371 0 0 0-95.14856334 4.01306852L380.73381888 685.46812814 235.22771741 533.48933518a64.72691371 64.72691371 0 0 0-92.43003222-1.03563036l-45.82665557 45.82665443a64.72691371 64.72691371 0 0 0-0.90617629 90.61767965l239.61903446 250.10479331a64.72691371 64.72691371 0 0 0 71.19960405 15.14609778 64.33855261 64.33855261 0 0 0 35.08198741-21.23042702l36.24707186-42.71976334 40.5190474-40.77795556-3.36579926-3.49525333 411.40426297-486.74638962a64.72691371 64.72691371 0 0 0-3.88361443-87.64024149l-45.3088404-45.43829334z"
                  p-id="840"
                />
              </svg>
            </div>
          </span>
          <span
            class="arco-checkbox-text"
          >
            Target
          </span>
        </label>
      </span>
      <span
        class="arco-transfer-view-header-unit"
      >
        0 / 0
      </span>
    </div>
    <div
      class="arco-list-wrapper arco-transfer-view-list"
    >
      <div
        class="arco-list arco-list-default arco-list-no-border"
      >
        <div
          class="arco-list-content"
          role="list"
        >
          <div
            class="arco-empty"
          >
            <div
              class="arco-empty-wrapper"
            >
              <div
                class="arco-empty-image"
              >
                <svg
                  aria-hidden="true"
                  class="arco-icon arco-icon-empty"
                  fill="none"
                  focusable="false"
                  stroke="currentColor"
                  stroke-width="4"
                  viewBox="0 0 48 48"
                >
                  <path
                    d="M24 5v6m7 1 4-4m-18 4-4-4m28.5 22H28s-1 3-4 3-4-3-4-3H6.5M40 41H8a2 2 0 0 1-2-2v-8.46a2 2 0 0 1 .272-1.007l6.15-10.54A2 2 0 0 1 14.148 18H33.85a2 2 0 0 1 1.728.992l6.149 10.541A2 2 0 0 1 42 30.541V39a2 2 0 0 1-2 2Z"
                  />
                </svg>
              </div>
              <div
                class="arco-empty-description"
              >
                暂无数据
              </div>
            </div>
          </div>
        </div>
      </div>
    </div>
  </div>
</div>
`;

exports[`ConfigProvider componentConfig.Transfer set className globally 1`] = `
<div
  class="arco-transfer global-default-class"
>
  <div
    class="arco-transfer-view arco-transfer-view-source"
  >
    <div
      class="arco-transfer-view-header"
    >
      <span
        class="arco-transfer-view-header-title"
      >
        <label
          class="arco-checkbox"
        >
          <input
            type="checkbox"
          />
          <span
            class="arco-icon-hover arco-checkbox-icon-hover arco-checkbox-mask-wrapper"
          >
            <div
              class="arco-checkbox-mask"
            >
              <svg
                aria-hidden="true"
                class="arco-checkbox-mask-icon"
                fill="currentColor"
                focusable="false"
                height="200"
                viewBox="0 0 1024 1024"
                width="200"
              >
                <path
                  d="M877.44815445 206.10060629a64.72691371 64.72691371 0 0 0-95.14856334 4.01306852L380.73381888 685.46812814 235.22771741 533.48933518a64.72691371 64.72691371 0 0 0-92.43003222-1.03563036l-45.82665557 45.82665443a64.72691371 64.72691371 0 0 0-0.90617629 90.61767965l239.61903446 250.10479331a64.72691371 64.72691371 0 0 0 71.19960405 15.14609778 64.33855261 64.33855261 0 0 0 35.08198741-21.23042702l36.24707186-42.71976334 40.5190474-40.77795556-3.36579926-3.49525333 411.40426297-486.74638962a64.72691371 64.72691371 0 0 0-3.88361443-87.64024149l-45.3088404-45.43829334z"
                  p-id="840"
                />
              </svg>
            </div>
          </span>
          <span
            class="arco-checkbox-text"
          >
            Source
          </span>
        </label>
      </span>
      <span
        class="arco-transfer-view-header-unit"
      >
        0 / 0
      </span>
    </div>
    <div
      class="arco-list-wrapper arco-transfer-view-list"
    >
      <div
        class="arco-list arco-list-default arco-list-no-border"
      >
        <div
          class="arco-list-content"
          role="list"
        >
          <div
            class="arco-empty"
          >
            <div
              class="arco-empty-wrapper"
            >
              <div
                class="arco-empty-image"
              >
                <svg
                  aria-hidden="true"
                  class="arco-icon arco-icon-empty"
                  fill="none"
                  focusable="false"
                  stroke="currentColor"
                  stroke-width="4"
                  viewBox="0 0 48 48"
                >
                  <path
                    d="M24 5v6m7 1 4-4m-18 4-4-4m28.5 22H28s-1 3-4 3-4-3-4-3H6.5M40 41H8a2 2 0 0 1-2-2v-8.46a2 2 0 0 1 .272-1.007l6.15-10.54A2 2 0 0 1 14.148 18H33.85a2 2 0 0 1 1.728.992l6.149 10.541A2 2 0 0 1 42 30.541V39a2 2 0 0 1-2 2Z"
                  />
                </svg>
              </div>
              <div
                class="arco-empty-description"
              >
                暂无数据
              </div>
            </div>
          </div>
        </div>
      </div>
    </div>
  </div>
  <div
    class="arco-transfer-operations"
  >
    <button
      aria-label="move selected right"
      class="arco-btn arco-btn-secondary arco-btn-size-small arco-btn-shape-round arco-btn-icon-only arco-btn-disabled"
      disabled=""
      tabindex="-1"
      type="button"
    >
      <svg
        aria-hidden="true"
        class="arco-icon arco-icon-right"
        fill="none"
        focusable="false"
        stroke="currentColor"
        stroke-width="4"
        viewBox="0 0 48 48"
      >
        <path
          d="m16 39.513 15.556-15.557L16 8.4"
        />
      </svg>
    </button>
    <button
      aria-label="move selected left"
      class="arco-btn arco-btn-secondary arco-btn-size-small arco-btn-shape-round arco-btn-icon-only arco-btn-disabled"
      disabled=""
      tabindex="-1"
      type="button"
    >
      <svg
        aria-hidden="true"
        class="arco-icon arco-icon-left"
        fill="none"
        focusable="false"
        stroke="currentColor"
        stroke-width="4"
        viewBox="0 0 48 48"
      >
        <path
          d="M32 8.4 16.444 23.956 32 39.513"
        />
      </svg>
    </button>
  </div>
  <div
    class="arco-transfer-view arco-transfer-view-target"
  >
    <div
      class="arco-transfer-view-header"
    >
      <span
        class="arco-transfer-view-header-title"
      >
        <label
          class="arco-checkbox"
        >
          <input
            type="checkbox"
          />
          <span
            class="arco-icon-hover arco-checkbox-icon-hover arco-checkbox-mask-wrapper"
          >
            <div
              class="arco-checkbox-mask"
            >
              <svg
                aria-hidden="true"
                class="arco-checkbox-mask-icon"
                fill="currentColor"
                focusable="false"
                height="200"
                viewBox="0 0 1024 1024"
                width="200"
              >
                <path
                  d="M877.44815445 206.10060629a64.72691371 64.72691371 0 0 0-95.14856334 4.01306852L380.73381888 685.46812814 235.22771741 533.48933518a64.72691371 64.72691371 0 0 0-92.43003222-1.03563036l-45.82665557 45.82665443a64.72691371 64.72691371 0 0 0-0.90617629 90.61767965l239.61903446 250.10479331a64.72691371 64.72691371 0 0 0 71.19960405 15.14609778 64.33855261 64.33855261 0 0 0 35.08198741-21.23042702l36.24707186-42.71976334 40.5190474-40.77795556-3.36579926-3.49525333 411.40426297-486.74638962a64.72691371 64.72691371 0 0 0-3.88361443-87.64024149l-45.3088404-45.43829334z"
                  p-id="840"
                />
              </svg>
            </div>
          </span>
          <span
            class="arco-checkbox-text"
          >
            Target
          </span>
        </label>
      </span>
      <span
        class="arco-transfer-view-header-unit"
      >
        0 / 0
      </span>
    </div>
    <div
      class="arco-list-wrapper arco-transfer-view-list"
    >
      <div
        class="arco-list arco-list-default arco-list-no-border"
      >
        <div
          class="arco-list-content"
          role="list"
        >
          <div
            class="arco-empty"
          >
            <div
              class="arco-empty-wrapper"
            >
              <div
                class="arco-empty-image"
              >
                <svg
                  aria-hidden="true"
                  class="arco-icon arco-icon-empty"
                  fill="none"
                  focusable="false"
                  stroke="currentColor"
                  stroke-width="4"
                  viewBox="0 0 48 48"
                >
                  <path
                    d="M24 5v6m7 1 4-4m-18 4-4-4m28.5 22H28s-1 3-4 3-4-3-4-3H6.5M40 41H8a2 2 0 0 1-2-2v-8.46a2 2 0 0 1 .272-1.007l6.15-10.54A2 2 0 0 1 14.148 18H33.85a2 2 0 0 1 1.728.992l6.149 10.541A2 2 0 0 1 42 30.541V39a2 2 0 0 1-2 2Z"
                  />
                </svg>
              </div>
              <div
                class="arco-empty-description"
              >
                暂无数据
              </div>
            </div>
          </div>
        </div>
      </div>
    </div>
  </div>
</div>
`;

exports[`ConfigProvider componentConfig.Transfer set className globally and component set className itself. 1`] = `
<div
  class="arco-transfer component-class"
>
  <div
    class="arco-transfer-view arco-transfer-view-source"
  >
    <div
      class="arco-transfer-view-header"
    >
      <span
        class="arco-transfer-view-header-title"
      >
        <label
          class="arco-checkbox"
        >
          <input
            type="checkbox"
          />
          <span
            class="arco-icon-hover arco-checkbox-icon-hover arco-checkbox-mask-wrapper"
          >
            <div
              class="arco-checkbox-mask"
            >
              <svg
                aria-hidden="true"
                class="arco-checkbox-mask-icon"
                fill="currentColor"
                focusable="false"
                height="200"
                viewBox="0 0 1024 1024"
                width="200"
              >
                <path
                  d="M877.44815445 206.10060629a64.72691371 64.72691371 0 0 0-95.14856334 4.01306852L380.73381888 685.46812814 235.22771741 533.48933518a64.72691371 64.72691371 0 0 0-92.43003222-1.03563036l-45.82665557 45.82665443a64.72691371 64.72691371 0 0 0-0.90617629 90.61767965l239.61903446 250.10479331a64.72691371 64.72691371 0 0 0 71.19960405 15.14609778 64.33855261 64.33855261 0 0 0 35.08198741-21.23042702l36.24707186-42.71976334 40.5190474-40.77795556-3.36579926-3.49525333 411.40426297-486.74638962a64.72691371 64.72691371 0 0 0-3.88361443-87.64024149l-45.3088404-45.43829334z"
                  p-id="840"
                />
              </svg>
            </div>
          </span>
          <span
            class="arco-checkbox-text"
          >
            Source
          </span>
        </label>
      </span>
      <span
        class="arco-transfer-view-header-unit"
      >
        0 / 0
      </span>
    </div>
    <div
      class="arco-list-wrapper arco-transfer-view-list"
    >
      <div
        class="arco-list arco-list-default arco-list-no-border"
      >
        <div
          class="arco-list-content"
          role="list"
        >
          <div
            class="arco-empty"
          >
            <div
              class="arco-empty-wrapper"
            >
              <div
                class="arco-empty-image"
              >
                <svg
                  aria-hidden="true"
                  class="arco-icon arco-icon-empty"
                  fill="none"
                  focusable="false"
                  stroke="currentColor"
                  stroke-width="4"
                  viewBox="0 0 48 48"
                >
                  <path
                    d="M24 5v6m7 1 4-4m-18 4-4-4m28.5 22H28s-1 3-4 3-4-3-4-3H6.5M40 41H8a2 2 0 0 1-2-2v-8.46a2 2 0 0 1 .272-1.007l6.15-10.54A2 2 0 0 1 14.148 18H33.85a2 2 0 0 1 1.728.992l6.149 10.541A2 2 0 0 1 42 30.541V39a2 2 0 0 1-2 2Z"
                  />
                </svg>
              </div>
              <div
                class="arco-empty-description"
              >
                暂无数据
              </div>
            </div>
          </div>
        </div>
      </div>
    </div>
  </div>
  <div
    class="arco-transfer-operations"
  >
    <button
      aria-label="move selected right"
      class="arco-btn arco-btn-secondary arco-btn-size-small arco-btn-shape-round arco-btn-icon-only arco-btn-disabled"
      disabled=""
      tabindex="-1"
      type="button"
    >
      <svg
        aria-hidden="true"
        class="arco-icon arco-icon-right"
        fill="none"
        focusable="false"
        stroke="currentColor"
        stroke-width="4"
        viewBox="0 0 48 48"
      >
        <path
          d="m16 39.513 15.556-15.557L16 8.4"
        />
      </svg>
    </button>
    <button
      aria-label="move selected left"
      class="arco-btn arco-btn-secondary arco-btn-size-small arco-btn-shape-round arco-btn-icon-only arco-btn-disabled"
      disabled=""
      tabindex="-1"
      type="button"
    >
      <svg
        aria-hidden="true"
        class="arco-icon arco-icon-left"
        fill="none"
        focusable="false"
        stroke="currentColor"
        stroke-width="4"
        viewBox="0 0 48 48"
      >
        <path
          d="M32 8.4 16.444 23.956 32 39.513"
        />
      </svg>
    </button>
  </div>
  <div
    class="arco-transfer-view arco-transfer-view-target"
  >
    <div
      class="arco-transfer-view-header"
    >
      <span
        class="arco-transfer-view-header-title"
      >
        <label
          class="arco-checkbox"
        >
          <input
            type="checkbox"
          />
          <span
            class="arco-icon-hover arco-checkbox-icon-hover arco-checkbox-mask-wrapper"
          >
            <div
              class="arco-checkbox-mask"
            >
              <svg
                aria-hidden="true"
                class="arco-checkbox-mask-icon"
                fill="currentColor"
                focusable="false"
                height="200"
                viewBox="0 0 1024 1024"
                width="200"
              >
                <path
                  d="M877.44815445 206.10060629a64.72691371 64.72691371 0 0 0-95.14856334 4.01306852L380.73381888 685.46812814 235.22771741 533.48933518a64.72691371 64.72691371 0 0 0-92.43003222-1.03563036l-45.82665557 45.82665443a64.72691371 64.72691371 0 0 0-0.90617629 90.61767965l239.61903446 250.10479331a64.72691371 64.72691371 0 0 0 71.19960405 15.14609778 64.33855261 64.33855261 0 0 0 35.08198741-21.23042702l36.24707186-42.71976334 40.5190474-40.77795556-3.36579926-3.49525333 411.40426297-486.74638962a64.72691371 64.72691371 0 0 0-3.88361443-87.64024149l-45.3088404-45.43829334z"
                  p-id="840"
                />
              </svg>
            </div>
          </span>
          <span
            class="arco-checkbox-text"
          >
            Target
          </span>
        </label>
      </span>
      <span
        class="arco-transfer-view-header-unit"
      >
        0 / 0
      </span>
    </div>
    <div
      class="arco-list-wrapper arco-transfer-view-list"
    >
      <div
        class="arco-list arco-list-default arco-list-no-border"
      >
        <div
          class="arco-list-content"
          role="list"
        >
          <div
            class="arco-empty"
          >
            <div
              class="arco-empty-wrapper"
            >
              <div
                class="arco-empty-image"
              >
                <svg
                  aria-hidden="true"
                  class="arco-icon arco-icon-empty"
                  fill="none"
                  focusable="false"
                  stroke="currentColor"
                  stroke-width="4"
                  viewBox="0 0 48 48"
                >
                  <path
                    d="M24 5v6m7 1 4-4m-18 4-4-4m28.5 22H28s-1 3-4 3-4-3-4-3H6.5M40 41H8a2 2 0 0 1-2-2v-8.46a2 2 0 0 1 .272-1.007l6.15-10.54A2 2 0 0 1 14.148 18H33.85a2 2 0 0 1 1.728.992l6.149 10.541A2 2 0 0 1 42 30.541V39a2 2 0 0 1-2 2Z"
                  />
                </svg>
              </div>
              <div
                class="arco-empty-description"
              >
                暂无数据
              </div>
            </div>
          </div>
        </div>
      </div>
    </div>
  </div>
</div>
`;

exports[`ConfigProvider componentConfig.Transfer set data-* property 1`] = `
<div
  class="arco-transfer"
  data-test-name="Transfer"
>
  <div
    class="arco-transfer-view arco-transfer-view-source"
  >
    <div
      class="arco-transfer-view-header"
    >
      <span
        class="arco-transfer-view-header-title"
      >
        <label
          class="arco-checkbox"
        >
          <input
            type="checkbox"
          />
          <span
            class="arco-icon-hover arco-checkbox-icon-hover arco-checkbox-mask-wrapper"
          >
            <div
              class="arco-checkbox-mask"
            >
              <svg
                aria-hidden="true"
                class="arco-checkbox-mask-icon"
                fill="currentColor"
                focusable="false"
                height="200"
                viewBox="0 0 1024 1024"
                width="200"
              >
                <path
                  d="M877.44815445 206.10060629a64.72691371 64.72691371 0 0 0-95.14856334 4.01306852L380.73381888 685.46812814 235.22771741 533.48933518a64.72691371 64.72691371 0 0 0-92.43003222-1.03563036l-45.82665557 45.82665443a64.72691371 64.72691371 0 0 0-0.90617629 90.61767965l239.61903446 250.10479331a64.72691371 64.72691371 0 0 0 71.19960405 15.14609778 64.33855261 64.33855261 0 0 0 35.08198741-21.23042702l36.24707186-42.71976334 40.5190474-40.77795556-3.36579926-3.49525333 411.40426297-486.74638962a64.72691371 64.72691371 0 0 0-3.88361443-87.64024149l-45.3088404-45.43829334z"
                  p-id="840"
                />
              </svg>
            </div>
          </span>
          <span
            class="arco-checkbox-text"
          >
            Source
          </span>
        </label>
      </span>
      <span
        class="arco-transfer-view-header-unit"
      >
        0 / 0
      </span>
    </div>
    <div
      class="arco-list-wrapper arco-transfer-view-list"
    >
      <div
        class="arco-list arco-list-default arco-list-no-border"
      >
        <div
          class="arco-list-content"
          role="list"
        >
          <div
            class="arco-empty"
          >
            <div
              class="arco-empty-wrapper"
            >
              <div
                class="arco-empty-image"
              >
                <svg
                  aria-hidden="true"
                  class="arco-icon arco-icon-empty"
                  fill="none"
                  focusable="false"
                  stroke="currentColor"
                  stroke-width="4"
                  viewBox="0 0 48 48"
                >
                  <path
                    d="M24 5v6m7 1 4-4m-18 4-4-4m28.5 22H28s-1 3-4 3-4-3-4-3H6.5M40 41H8a2 2 0 0 1-2-2v-8.46a2 2 0 0 1 .272-1.007l6.15-10.54A2 2 0 0 1 14.148 18H33.85a2 2 0 0 1 1.728.992l6.149 10.541A2 2 0 0 1 42 30.541V39a2 2 0 0 1-2 2Z"
                  />
                </svg>
              </div>
              <div
                class="arco-empty-description"
              >
                暂无数据
              </div>
            </div>
          </div>
        </div>
      </div>
    </div>
  </div>
  <div
    class="arco-transfer-operations"
  >
    <button
      aria-label="move selected right"
      class="arco-btn arco-btn-secondary arco-btn-size-small arco-btn-shape-round arco-btn-icon-only arco-btn-disabled"
      disabled=""
      tabindex="-1"
      type="button"
    >
      <svg
        aria-hidden="true"
        class="arco-icon arco-icon-right"
        fill="none"
        focusable="false"
        stroke="currentColor"
        stroke-width="4"
        viewBox="0 0 48 48"
      >
        <path
          d="m16 39.513 15.556-15.557L16 8.4"
        />
      </svg>
    </button>
    <button
      aria-label="move selected left"
      class="arco-btn arco-btn-secondary arco-btn-size-small arco-btn-shape-round arco-btn-icon-only arco-btn-disabled"
      disabled=""
      tabindex="-1"
      type="button"
    >
      <svg
        aria-hidden="true"
        class="arco-icon arco-icon-left"
        fill="none"
        focusable="false"
        stroke="currentColor"
        stroke-width="4"
        viewBox="0 0 48 48"
      >
        <path
          d="M32 8.4 16.444 23.956 32 39.513"
        />
      </svg>
    </button>
  </div>
  <div
    class="arco-transfer-view arco-transfer-view-target"
  >
    <div
      class="arco-transfer-view-header"
    >
      <span
        class="arco-transfer-view-header-title"
      >
        <label
          class="arco-checkbox"
        >
          <input
            type="checkbox"
          />
          <span
            class="arco-icon-hover arco-checkbox-icon-hover arco-checkbox-mask-wrapper"
          >
            <div
              class="arco-checkbox-mask"
            >
              <svg
                aria-hidden="true"
                class="arco-checkbox-mask-icon"
                fill="currentColor"
                focusable="false"
                height="200"
                viewBox="0 0 1024 1024"
                width="200"
              >
                <path
                  d="M877.44815445 206.10060629a64.72691371 64.72691371 0 0 0-95.14856334 4.01306852L380.73381888 685.46812814 235.22771741 533.48933518a64.72691371 64.72691371 0 0 0-92.43003222-1.03563036l-45.82665557 45.82665443a64.72691371 64.72691371 0 0 0-0.90617629 90.61767965l239.61903446 250.10479331a64.72691371 64.72691371 0 0 0 71.19960405 15.14609778 64.33855261 64.33855261 0 0 0 35.08198741-21.23042702l36.24707186-42.71976334 40.5190474-40.77795556-3.36579926-3.49525333 411.40426297-486.74638962a64.72691371 64.72691371 0 0 0-3.88361443-87.64024149l-45.3088404-45.43829334z"
                  p-id="840"
                />
              </svg>
            </div>
          </span>
          <span
            class="arco-checkbox-text"
          >
            Target
          </span>
        </label>
      </span>
      <span
        class="arco-transfer-view-header-unit"
      >
        0 / 0
      </span>
    </div>
    <div
      class="arco-list-wrapper arco-transfer-view-list"
    >
      <div
        class="arco-list arco-list-default arco-list-no-border"
      >
        <div
          class="arco-list-content"
          role="list"
        >
          <div
            class="arco-empty"
          >
            <div
              class="arco-empty-wrapper"
            >
              <div
                class="arco-empty-image"
              >
                <svg
                  aria-hidden="true"
                  class="arco-icon arco-icon-empty"
                  fill="none"
                  focusable="false"
                  stroke="currentColor"
                  stroke-width="4"
                  viewBox="0 0 48 48"
                >
                  <path
                    d="M24 5v6m7 1 4-4m-18 4-4-4m28.5 22H28s-1 3-4 3-4-3-4-3H6.5M40 41H8a2 2 0 0 1-2-2v-8.46a2 2 0 0 1 .272-1.007l6.15-10.54A2 2 0 0 1 14.148 18H33.85a2 2 0 0 1 1.728.992l6.149 10.541A2 2 0 0 1 42 30.541V39a2 2 0 0 1-2 2Z"
                  />
                </svg>
              </div>
              <div
                class="arco-empty-description"
              >
                暂无数据
              </div>
            </div>
          </div>
        </div>
      </div>
    </div>
  </div>
</div>
`;
